GCAGC
TCATT
GGAGT
TCATC
GCATC
GCATC
GGTAT
GCAAC
